<html>
<body>
<pre>
<h1>µVision Build Log</h1>
<h2>Tool Versions:</h2>
IDE-Version: ¦ÌVision V5.14.0.0
Copyright (C) 2015 ARM Ltd and ARM Germany GmbH. All rights reserved.
License Information: 123 69511, roxla, LIC=FQQMA-1J7J6-MSQYP-MF19V-PF18W-2PI24
 
Tool Versions:
Toolchain:       MDK-ARM Professional  Version: 5.14.0.0
Toolchain Path:  D:\Keil_v5\ARM\ARMCC\Bin
C Compiler:      Armcc.exe V5.05 update 1 (build 106)
Assembler:       Armasm.exe V5.05 update 1 (build 106)
Linker/Locator:  ArmLink.exe V5.05 update 1 (build 106)
Library Manager: ArmAr.exe V5.05 update 1 (build 106)
Hex Converter:   FromElf.exe V5.05 update 1 (build 106)
CPU DLL:         SARMCM3.DLL V5.14.0.0
Dialog DLL:      DCM.DLL V1.13.1.0
Target DLL:      Segger\JL2CM3.dll V2.99.13.0
Dialog DLL:      TCM.DLL V1.14.4.0
 
<h2>Project:</h2>
E:\roxla\keil\20210201\project\project\project.uvprojx
Project File Date:  01/29/2021

<h2>Output:</h2>
Rebuild target 'Project'
compiling main.c...
compiling beep.c...
compiling key.c...
compiling led.c...
compiling timer.c...
compiling pwm.c...
compiling usart.c...
compiling dht11.c...
compiling ble.c...
compiling sr04.c...
compiling iic.c...
compiling iwdg.c...
compiling rtc.c...
DRV\Rtc\rtc.c(81): warning:  #186-D: pointless comparison of unsigned integer with zero
        if(time_buf[0]<0||time_buf[0]>0x23){
DRV\Rtc\rtc.c(85): warning:  #186-D: pointless comparison of unsigned integer with zero
        if(time_buf[1]<0||time_buf[1]>0x59){
DRV\Rtc\rtc.c(89): warning:  #186-D: pointless comparison of unsigned integer with zero
        if(time_buf[2]<0||time_buf[2]>0x59){
DRV\Rtc\rtc.c: 3 warnings, 0 errors
compiling oled.c...
DRV\Oled\oled.c(196): warning:  #186-D: pointless comparison of unsigned integer with zero
        if ((x1 < 0) || (x2 > 128) || (y1 < 0) || (y2 > 64) || (x1 > x2) || (y1 > y2))
DRV\Oled\oled.c(196): warning:  #186-D: pointless comparison of unsigned integer with zero
        if ((x1 < 0) || (x2 > 128) || (y1 < 0) || (y2 > 64) || (x1 > x2) || (y1 > y2))
DRV\Oled\oled.c(195): warning:  #177-D: variable "y0" was declared but never referenced
        u8 i, k, k1, k2, y0;
DRV\Oled\oled.c(519): warning:  #1-D: last line of file ends without a newline
  }
DRV\Oled\oled.c: 4 warnings, 0 errors
compiling spi.c...
compiling rc522.c...
compiling systick.c...
compiling misc.c...
compiling stm32f4xx_exti.c...
compiling stm32f4xx_flash.c...
compiling stm32f4xx_gpio.c...
compiling stm32f4xx_i2c.c...
compiling stm32f4xx_iwdg.c...
compiling stm32f4xx_pwr.c...
compiling stm32f4xx_rcc.c...
compiling stm32f4xx_rtc.c...
compiling stm32f4xx_syscfg.c...
compiling stm32f4xx_tim.c...
compiling stm32f4xx_usart.c...
assembling startup_stm32f40_41xxx.s...
compiling system_stm32f4xx.c...
compiling stm32f4xx_spi.c...
linking...
Program Size: Code=3828 RO-data=6504 RW-data=7236 ZI-data=2244  
FromELF: creating hex file...
".\Objects\project.axf" - 0 Error(s), 7 Warning(s).

<h2>Software Packages used:</h2>

Package Vendor: ARM
                http://www.keil.com/pack/ARM.CMSIS.4.2.0.pack
                ARM::CMSIS:CORE:3.40.0
                CMSIS (Cortex Microcontroller Software Interface Standard)
   * Component: CORE Version: 3.40.0

Package Vendor: Keil
                http://www.keil.com/pack/Keil.STM32F4xx_DFP.1.0.8.pack
                Keil::Device:Startup:1.3.1
                STMicroelectronics STM32F4 Series Device Support, Drivers and Examples
   * Component: Startup Version: 1.3.1
   * Component: EXTI Version: 1.3.0
   * Component: Framework Version: 1.3.1
   * Component: RTC Version: 1.3.0
   * Component: SYSCFG Version: 1.3.0
   * Component: RCC Version: 1.3.0
   * Component: TIM Version: 1.3.0
   * Component: USART Version: 1.3.0
   * Component: GPIO Version: 1.3.0
   * Component: PWR Version: 1.3.0
   * Component: IWDG Version: 1.3.0
   * Component: I2C Version: 1.3.0
   * Component: SPI Version: 1.3.0
   * Component: Flash Version: 1.3.0

<h2>Collection of Component include folders:</h2>
  E:\roxla\keil\20210201\project\project\RTE
  E:\roxla\keil\20210201\project\project\RTE\Device\STM32F407ZE
  D:\Keil_v5\ARM\PACK\ARM\CMSIS\4.2.0\CMSIS\Include
  D:\Keil_v5\ARM\PACK\Keil\STM32F4xx_DFP\1.0.8\Device\Include
  D:\Keil_v5\ARM\PACK\Keil\STM32F4xx_DFP\1.0.8\Device\StdPeriph_Driver\inc

<h2>Collection of Component Files used:</h2>

   * Component: ARM::CMSIS:CORE:3.40.0
      Source file:   CMSIS\UserCodeTemplates\ARM\ITM_Retarget.c

   * Component: Keil::Device:Startup:1.3.1
      Include file:  RTE_Driver\Config\RTE_Device.h
      Source file:   Device\Source\ARM\STM32F4xx_OTP.s
      Source file:   Device\Source\ARM\startup_stm32f40_41xxx.s
      Source file:   Device\Source\ARM\STM32F40xxx_41xxx_OPT.s
      Include file:  Device\Include\stm32f4xx.h
      Source file:   Device\Source\system_stm32f4xx.c

   * Component: Keil::Device:StdPeriph Drivers:EXTI:1.3.0
      Include file:  Device\StdPeriph_Driver\inc\stm32f4xx_exti.h
      Source file:   Device\StdPeriph_Driver\src\stm32f4xx_exti.c

   * Component: Keil::Device:StdPeriph Drivers:Framework:1.3.1
      Source file:   Device\StdPeriph_Driver\templates\stm32f4xx_conf.h
      Source file:   Device\StdPeriph_Driver\src\misc.c
      Source file:   Device\StdPeriph_Driver\templates\stm32f4xx_it.c
      Include file:  Device\StdPeriph_Driver\templates\stm32f4xx_it.h

   * Component: Keil::Device:StdPeriph Drivers:RTC:1.3.0
      Include file:  Device\StdPeriph_Driver\inc\stm32f4xx_rtc.h
      Source file:   Device\StdPeriph_Driver\src\stm32f4xx_rtc.c

   * Component: Keil::Device:StdPeriph Drivers:SYSCFG:1.3.0
      Include file:  Device\StdPeriph_Driver\inc\stm32f4xx_syscfg.h
      Source file:   Device\StdPeriph_Driver\src\stm32f4xx_syscfg.c

   * Component: Keil::Device:StdPeriph Drivers:RCC:1.3.0
      Include file:  Device\StdPeriph_Driver\inc\stm32f4xx_rcc.h
      Source file:   Device\StdPeriph_Driver\src\stm32f4xx_rcc.c

   * Component: Keil::Device:StdPeriph Drivers:TIM:1.3.0
      Source file:   Device\StdPeriph_Driver\src\stm32f4xx_tim.c
      Include file:  Device\StdPeriph_Driver\inc\stm32f4xx_tim.h

   * Component: Keil::Device:StdPeriph Drivers:USART:1.3.0
      Include file:  Device\StdPeriph_Driver\inc\stm32f4xx_usart.h
      Source file:   Device\StdPeriph_Driver\src\stm32f4xx_usart.c

   * Component: Keil::Device:StdPeriph Drivers:GPIO:1.3.0
      Include file:  Device\StdPeriph_Driver\inc\stm32f4xx_gpio.h
      Source file:   Device\StdPeriph_Driver\src\stm32f4xx_gpio.c

   * Component: Keil::Device:StdPeriph Drivers:PWR:1.3.0
      Include file:  Device\StdPeriph_Driver\inc\stm32f4xx_pwr.h
      Source file:   Device\StdPeriph_Driver\src\stm32f4xx_pwr.c

   * Component: Keil::Device:StdPeriph Drivers:IWDG:1.3.0
      Include file:  Device\StdPeriph_Driver\inc\stm32f4xx_iwdg.h
      Source file:   Device\StdPeriph_Driver\src\stm32f4xx_iwdg.c

   * Component: Keil::Device:StdPeriph Drivers:I2C:1.3.0
      Include file:  Device\StdPeriph_Driver\inc\stm32f4xx_i2c.h
      Source file:   Device\StdPeriph_Driver\src\stm32f4xx_i2c.c

   * Component: Keil::Device:StdPeriph Drivers:SPI:1.3.0
      Include file:  Device\StdPeriph_Driver\inc\stm32f4xx_spi.h
      Source file:   Device\StdPeriph_Driver\src\stm32f4xx_spi.c

   * Component: Keil::Device:StdPeriph Drivers:Flash:1.3.0
      Source file:   Device\StdPeriph_Driver\src\stm32f4xx_flash.c
      Include file:  Device\StdPeriph_Driver\inc\stm32f4xx_flash.h
</pre>
</body>
</html>
