<html>
<body>
<pre>
<h1>µVision Build Log</h1>
<h2>Tool Versions:</h2>
IDE-Version: ¦ÌVision V5.14.0.0
Copyright (C) 2015 ARM Ltd and ARM Germany GmbH. All rights reserved.
License Information: 123 69511, roxla, LIC=FQQMA-1J7J6-MSQYP-MF19V-PF18W-2PI24
 
Tool Versions:
Toolchain:       MDK-ARM Professional  Version: 5.14.0.0
Toolchain Path:  D:\Keil_v5\ARM\ARMCC\Bin
C Compiler:      Armcc.exe V5.05 update 1 (build 106)
Assembler:       Armasm.exe V5.05 update 1 (build 106)
Linker/Locator:  ArmLink.exe V5.05 update 1 (build 106)
Library Manager: ArmAr.exe V5.05 update 1 (build 106)
Hex Converter:   FromElf.exe V5.05 update 1 (build 106)
CPU DLL:         SARMCM3.DLL V5.14.0.0
Dialog DLL:      DCM.DLL V1.13.1.0
Target DLL:      Segger\JL2CM3.dll V2.99.13.0
Dialog DLL:      TCM.DLL V1.14.4.0
 
<h2>Project:</h2>
E:\roxla\keil\20210125\test\test2\project.uvprojx
Project File Date:  01/25/2021

<h2>Output:</h2>
Rebuild target 'Project'
compiling main.c...
.\DRV\Sr04\sr04.h(12): warning:  #1-D: last line of file ends without a newline
  #endif
USER\main.c(33): warning:  #111-D: statement is unreachable
        return 0;
USER\main.c: 2 warnings, 0 errors
compiling beep.c...
.\DRV\Sr04\sr04.h(12): warning:  #1-D: last line of file ends without a newline
  #endif
DRV\Beep\beep.c: 1 warning, 0 errors
compiling key.c...
.\DRV\Sr04\sr04.h(12): warning:  #1-D: last line of file ends without a newline
  #endif
DRV\Key\key.c: 1 warning, 0 errors
compiling led.c...
.\DRV\Sr04\sr04.h(12): warning:  #1-D: last line of file ends without a newline
  #endif
DRV\Led\led.c: 1 warning, 0 errors
compiling timer.c...
.\DRV\Sr04\sr04.h(12): warning:  #1-D: last line of file ends without a newline
  #endif
DRV\Timer\timer.c: 1 warning, 0 errors
compiling pwm.c...
.\DRV\Sr04\sr04.h(12): warning:  #1-D: last line of file ends without a newline
  #endif
DRV\Pwm\pwm.c: 1 warning, 0 errors
compiling usart.c...
.\DRV\Sr04\sr04.h(12): warning:  #1-D: last line of file ends without a newline
  #endif
DRV\Usart\usart.c: 1 warning, 0 errors
compiling sr04.c...
.\DRV\Sr04\sr04.h(12): warning:  #1-D: last line of file ends without a newline
  #endif
DRV\Sr04\sr04.c: 1 warning, 0 errors
compiling systick.c...
.\DRV\Sr04\sr04.h(12): warning:  #1-D: last line of file ends without a newline
  #endif
SYSTEM\systick.c: 1 warning, 0 errors
compiling misc.c...
compiling stm32f4xx_exti.c...
compiling stm32f4xx_gpio.c...
compiling stm32f4xx_rcc.c...
compiling stm32f4xx_syscfg.c...
compiling stm32f4xx_tim.c...
compiling stm32f4xx_usart.c...
assembling startup_stm32f40_41xxx.s...
compiling system_stm32f4xx.c...
linking...
Program Size: Code=2844 RO-data=424 RW-data=16 ZI-data=1024  
FromELF: creating hex file...
".\Objects\project.axf" - 0 Error(s), 10 Warning(s).

<h2>Software Packages used:</h2>

Package Vendor: ARM
                http://www.keil.com/pack/ARM.CMSIS.4.2.0.pack
                ARM::CMSIS:CORE:3.40.0
                CMSIS (Cortex Microcontroller Software Interface Standard)
   * Component: CORE Version: 3.40.0

Package Vendor: Keil
                http://www.keil.com/pack/Keil.STM32F4xx_DFP.1.0.8.pack
                Keil::Device:Startup:1.3.1
                STMicroelectronics STM32F4 Series Device Support, Drivers and Examples
   * Component: Startup Version: 1.3.1
   * Component: Framework Version: 1.3.1
   * Component: EXTI Version: 1.3.0
   * Component: RCC Version: 1.3.0
   * Component: SYSCFG Version: 1.3.0
   * Component: USART Version: 1.3.0
   * Component: GPIO Version: 1.3.0
   * Component: TIM Version: 1.3.0

<h2>Collection of Component include folders:</h2>
  E:\roxla\keil\20210125\test\test2\RTE
  E:\roxla\keil\20210125\test\test2\RTE\Device\STM32F407ZE
  D:\Keil_v5\ARM\PACK\ARM\CMSIS\4.2.0\CMSIS\Include
  D:\Keil_v5\ARM\PACK\Keil\STM32F4xx_DFP\1.0.8\Device\Include
  D:\Keil_v5\ARM\PACK\Keil\STM32F4xx_DFP\1.0.8\Device\StdPeriph_Driver\inc

<h2>Collection of Component Files used:</h2>

   * Component: ARM::CMSIS:CORE:3.40.0
      Source file:   CMSIS\UserCodeTemplates\ARM\ITM_Retarget.c

   * Component: Keil::Device:Startup:1.3.1
      Include file:  RTE_Driver\Config\RTE_Device.h
      Source file:   Device\Source\ARM\startup_stm32f40_41xxx.s
      Source file:   Device\Source\ARM\STM32F40xxx_41xxx_OPT.s
      Source file:   Device\Source\ARM\STM32F4xx_OTP.s
      Source file:   Device\Source\system_stm32f4xx.c
      Include file:  Device\Include\stm32f4xx.h

   * Component: Keil::Device:StdPeriph Drivers:Framework:1.3.1
      Include file:  Device\StdPeriph_Driver\templates\stm32f4xx_it.h
      Source file:   Device\StdPeriph_Driver\src\misc.c
      Source file:   Device\StdPeriph_Driver\templates\stm32f4xx_conf.h
      Source file:   Device\StdPeriph_Driver\templates\stm32f4xx_it.c

   * Component: Keil::Device:StdPeriph Drivers:EXTI:1.3.0
      Include file:  Device\StdPeriph_Driver\inc\stm32f4xx_exti.h
      Source file:   Device\StdPeriph_Driver\src\stm32f4xx_exti.c

   * Component: Keil::Device:StdPeriph Drivers:RCC:1.3.0
      Source file:   Device\StdPeriph_Driver\src\stm32f4xx_rcc.c
      Include file:  Device\StdPeriph_Driver\inc\stm32f4xx_rcc.h

   * Component: Keil::Device:StdPeriph Drivers:SYSCFG:1.3.0
      Source file:   Device\StdPeriph_Driver\src\stm32f4xx_syscfg.c
      Include file:  Device\StdPeriph_Driver\inc\stm32f4xx_syscfg.h

   * Component: Keil::Device:StdPeriph Drivers:USART:1.3.0
      Include file:  Device\StdPeriph_Driver\inc\stm32f4xx_usart.h
      Source file:   Device\StdPeriph_Driver\src\stm32f4xx_usart.c

   * Component: Keil::Device:StdPeriph Drivers:GPIO:1.3.0
      Include file:  Device\StdPeriph_Driver\inc\stm32f4xx_gpio.h
      Source file:   Device\StdPeriph_Driver\src\stm32f4xx_gpio.c

   * Component: Keil::Device:StdPeriph Drivers:TIM:1.3.0
      Include file:  Device\StdPeriph_Driver\inc\stm32f4xx_tim.h
      Source file:   Device\StdPeriph_Driver\src\stm32f4xx_tim.c
</pre>
</body>
</html>
